Archive member included to satisfy reference by file (symbol)

/usr/local/Cellar/avr-gcc@9/9.3.0_2/lib/avr-gcc/9/gcc/avr/9.3.0/avr5/libgcc.a(_divmodhi4.o)
                              ./main.o (__divmodhi4)
/usr/local/Cellar/avr-gcc@9/9.3.0_2/lib/avr-gcc/9/gcc/avr/9.3.0/avr5/libgcc.a(_exit.o)
                              /usr/local/Cellar/avr-gcc@9/9.3.0_2/lib/avr-gcc/9/gcc/avr/9.3.0/../../../../../../avr/lib/avr5/crtatmega32.o (exit)
/usr/local/Cellar/avr-gcc@9/9.3.0_2/lib/avr-gcc/9/gcc/avr/9.3.0/avr5/libgcc.a(_copy_data.o)
                              ./main.o (__do_copy_data)
/usr/local/Cellar/avr-gcc@9/9.3.0_2/lib/avr-gcc/9/gcc/avr/9.3.0/avr5/libgcc.a(_udivmodhi4.o)
                              /usr/local/Cellar/avr-gcc@9/9.3.0_2/lib/avr-gcc/9/gcc/avr/9.3.0/avr5/libgcc.a(_divmodhi4.o) (__udivmodhi4)
/usr/local/Cellar/avr-gcc@9/9.3.0_2/lib/avr-gcc/9/gcc/avr/9.3.0/../../../../../../avr/lib/avr5/libm.a(divsf3.o)
                              ./main.o (__divsf3)
/usr/local/Cellar/avr-gcc@9/9.3.0_2/lib/avr-gcc/9/gcc/avr/9.3.0/../../../../../../avr/lib/avr5/libm.a(divsf3x.o)
                              /usr/local/Cellar/avr-gcc@9/9.3.0_2/lib/avr-gcc/9/gcc/avr/9.3.0/../../../../../../avr/lib/avr5/libm.a(divsf3.o) (__divsf3x)
/usr/local/Cellar/avr-gcc@9/9.3.0_2/lib/avr-gcc/9/gcc/avr/9.3.0/../../../../../../avr/lib/avr5/libm.a(fixsfsi.o)
                              ./main.o (__fixsfsi)
/usr/local/Cellar/avr-gcc@9/9.3.0_2/lib/avr-gcc/9/gcc/avr/9.3.0/../../../../../../avr/lib/avr5/libm.a(fixunssfsi.o)
                              /usr/local/Cellar/avr-gcc@9/9.3.0_2/lib/avr-gcc/9/gcc/avr/9.3.0/../../../../../../avr/lib/avr5/libm.a(fixsfsi.o) (__fixunssfsi)
/usr/local/Cellar/avr-gcc@9/9.3.0_2/lib/avr-gcc/9/gcc/avr/9.3.0/../../../../../../avr/lib/avr5/libm.a(floatsisf.o)
                              ./main.o (__floatsisf)
/usr/local/Cellar/avr-gcc@9/9.3.0_2/lib/avr-gcc/9/gcc/avr/9.3.0/../../../../../../avr/lib/avr5/libm.a(fp_inf.o)
                              /usr/local/Cellar/avr-gcc@9/9.3.0_2/lib/avr-gcc/9/gcc/avr/9.3.0/../../../../../../avr/lib/avr5/libm.a(divsf3x.o) (__fp_inf)
/usr/local/Cellar/avr-gcc@9/9.3.0_2/lib/avr-gcc/9/gcc/avr/9.3.0/../../../../../../avr/lib/avr5/libm.a(fp_nan.o)
                              /usr/local/Cellar/avr-gcc@9/9.3.0_2/lib/avr-gcc/9/gcc/avr/9.3.0/../../../../../../avr/lib/avr5/libm.a(divsf3x.o) (__fp_nan)
/usr/local/Cellar/avr-gcc@9/9.3.0_2/lib/avr-gcc/9/gcc/avr/9.3.0/../../../../../../avr/lib/avr5/libm.a(fp_pscA.o)
                              /usr/local/Cellar/avr-gcc@9/9.3.0_2/lib/avr-gcc/9/gcc/avr/9.3.0/../../../../../../avr/lib/avr5/libm.a(divsf3x.o) (__fp_pscA)
/usr/local/Cellar/avr-gcc@9/9.3.0_2/lib/avr-gcc/9/gcc/avr/9.3.0/../../../../../../avr/lib/avr5/libm.a(fp_pscB.o)
                              /usr/local/Cellar/avr-gcc@9/9.3.0_2/lib/avr-gcc/9/gcc/avr/9.3.0/../../../../../../avr/lib/avr5/libm.a(divsf3x.o) (__fp_pscB)
/usr/local/Cellar/avr-gcc@9/9.3.0_2/lib/avr-gcc/9/gcc/avr/9.3.0/../../../../../../avr/lib/avr5/libm.a(fp_round.o)
                              /usr/local/Cellar/avr-gcc@9/9.3.0_2/lib/avr-gcc/9/gcc/avr/9.3.0/../../../../../../avr/lib/avr5/libm.a(divsf3.o) (__fp_round)
/usr/local/Cellar/avr-gcc@9/9.3.0_2/lib/avr-gcc/9/gcc/avr/9.3.0/../../../../../../avr/lib/avr5/libm.a(fp_split3.o)
                              /usr/local/Cellar/avr-gcc@9/9.3.0_2/lib/avr-gcc/9/gcc/avr/9.3.0/../../../../../../avr/lib/avr5/libm.a(divsf3x.o) (__fp_split3)
/usr/local/Cellar/avr-gcc@9/9.3.0_2/lib/avr-gcc/9/gcc/avr/9.3.0/../../../../../../avr/lib/avr5/libm.a(fp_zero.o)
                              /usr/local/Cellar/avr-gcc@9/9.3.0_2/lib/avr-gcc/9/gcc/avr/9.3.0/../../../../../../avr/lib/avr5/libm.a(fixunssfsi.o) (__fp_zero)
/usr/local/Cellar/avr-gcc@9/9.3.0_2/lib/avr-gcc/9/gcc/avr/9.3.0/../../../../../../avr/lib/avr5/libm.a(mulsf3.o)
                              ./main.o (__mulsf3)
/usr/local/Cellar/avr-gcc@9/9.3.0_2/lib/avr-gcc/9/gcc/avr/9.3.0/../../../../../../avr/lib/avr5/libm.a(mulsf3x.o)
                              /usr/local/Cellar/avr-gcc@9/9.3.0_2/lib/avr-gcc/9/gcc/avr/9.3.0/../../../../../../avr/lib/avr5/libm.a(mulsf3.o) (__mulsf3x)
/usr/local/Cellar/avr-gcc@9/9.3.0_2/lib/avr-gcc/9/gcc/avr/9.3.0/../../../../../../avr/lib/avr5/libc.a(strcat.o)
                              ./main.o (strcat)
/usr/local/Cellar/avr-gcc@9/9.3.0_2/lib/avr-gcc/9/gcc/avr/9.3.0/../../../../../../avr/lib/avr5/libc.a(strcpy.o)
                              ./main.o (strcpy)
/usr/local/Cellar/avr-gcc@9/9.3.0_2/lib/avr-gcc/9/gcc/avr/9.3.0/../../../../../../avr/lib/avr5/libc.a(sprintf.o)
                              ./main.o (sprintf)
/usr/local/Cellar/avr-gcc@9/9.3.0_2/lib/avr-gcc/9/gcc/avr/9.3.0/../../../../../../avr/lib/avr5/libc.a(vfprintf_std.o)
                              /usr/local/Cellar/avr-gcc@9/9.3.0_2/lib/avr-gcc/9/gcc/avr/9.3.0/../../../../../../avr/lib/avr5/libc.a(sprintf.o) (vfprintf)
/usr/local/Cellar/avr-gcc@9/9.3.0_2/lib/avr-gcc/9/gcc/avr/9.3.0/../../../../../../avr/lib/avr5/libc.a(strnlen_P.o)
                              /usr/local/Cellar/avr-gcc@9/9.3.0_2/lib/avr-gcc/9/gcc/avr/9.3.0/../../../../../../avr/lib/avr5/libc.a(vfprintf_std.o) (strnlen_P)
/usr/local/Cellar/avr-gcc@9/9.3.0_2/lib/avr-gcc/9/gcc/avr/9.3.0/../../../../../../avr/lib/avr5/libc.a(strnlen.o)
                              /usr/local/Cellar/avr-gcc@9/9.3.0_2/lib/avr-gcc/9/gcc/avr/9.3.0/../../../../../../avr/lib/avr5/libc.a(vfprintf_std.o) (strnlen)
/usr/local/Cellar/avr-gcc@9/9.3.0_2/lib/avr-gcc/9/gcc/avr/9.3.0/../../../../../../avr/lib/avr5/libc.a(fputc.o)
                              /usr/local/Cellar/avr-gcc@9/9.3.0_2/lib/avr-gcc/9/gcc/avr/9.3.0/../../../../../../avr/lib/avr5/libc.a(vfprintf_std.o) (fputc)
/usr/local/Cellar/avr-gcc@9/9.3.0_2/lib/avr-gcc/9/gcc/avr/9.3.0/../../../../../../avr/lib/avr5/libc.a(ultoa_invert.o)
                              /usr/local/Cellar/avr-gcc@9/9.3.0_2/lib/avr-gcc/9/gcc/avr/9.3.0/../../../../../../avr/lib/avr5/libc.a(vfprintf_std.o) (__ultoa_invert)
/usr/local/Cellar/avr-gcc@9/9.3.0_2/lib/avr-gcc/9/gcc/avr/9.3.0/avr5/libgcc.a(_prologue.o)
                              /usr/local/Cellar/avr-gcc@9/9.3.0_2/lib/avr-gcc/9/gcc/avr/9.3.0/../../../../../../avr/lib/avr5/libc.a(sprintf.o) (__prologue_saves__)
/usr/local/Cellar/avr-gcc@9/9.3.0_2/lib/avr-gcc/9/gcc/avr/9.3.0/avr5/libgcc.a(_epilogue.o)
                              /usr/local/Cellar/avr-gcc@9/9.3.0_2/lib/avr-gcc/9/gcc/avr/9.3.0/../../../../../../avr/lib/avr5/libc.a(sprintf.o) (__epilogue_restores__)

Memory Configuration

Name             Origin             Length             Attributes
text             0x0000000000000000 0x0000000000020000 xr
data             0x0000000000800060 0x000000000000ffa0 rw !x
eeprom           0x0000000000810000 0x0000000000010000 rw !x
fuse             0x0000000000820000 0x0000000000000400 rw !x
lock             0x0000000000830000 0x0000000000000400 rw !x
signature        0x0000000000840000 0x0000000000000400 rw !x
user_signatures  0x0000000000850000 0x0000000000000400 rw !x
*default*        0x0000000000000000 0xffffffffffffffff

Linker script and memory map

LOAD /usr/local/Cellar/avr-gcc@9/9.3.0_2/lib/avr-gcc/9/gcc/avr/9.3.0/../../../../../../avr/lib/avr5/crtatmega32.o
LOAD ./HD44780.o
LOAD ./main.o
START GROUP
LOAD /usr/local/Cellar/avr-gcc@9/9.3.0_2/lib/avr-gcc/9/gcc/avr/9.3.0/avr5/libgcc.a
LOAD /usr/local/Cellar/avr-gcc@9/9.3.0_2/lib/avr-gcc/9/gcc/avr/9.3.0/../../../../../../avr/lib/avr5/libm.a
LOAD /usr/local/Cellar/avr-gcc@9/9.3.0_2/lib/avr-gcc/9/gcc/avr/9.3.0/../../../../../../avr/lib/avr5/libc.a
LOAD /usr/local/Cellar/avr-gcc@9/9.3.0_2/lib/avr-gcc/9/gcc/avr/9.3.0/../../../../../../avr/lib/avr5/libatmega32.a
END GROUP
                0x0000000000020000                __TEXT_REGION_LENGTH__ = DEFINED (__TEXT_REGION_LENGTH__)?__TEXT_REGION_LENGTH__:0x20000
                0x000000000000ffa0                __DATA_REGION_LENGTH__ = DEFINED (__DATA_REGION_LENGTH__)?__DATA_REGION_LENGTH__:0xffa0
                0x0000000000010000                __EEPROM_REGION_LENGTH__ = DEFINED (__EEPROM_REGION_LENGTH__)?__EEPROM_REGION_LENGTH__:0x10000
                0x0000000000000400                __FUSE_REGION_LENGTH__ = DEFINED (__FUSE_REGION_LENGTH__)?__FUSE_REGION_LENGTH__:0x400
                0x0000000000000400                __LOCK_REGION_LENGTH__ = DEFINED (__LOCK_REGION_LENGTH__)?__LOCK_REGION_LENGTH__:0x400
                0x0000000000000400                __SIGNATURE_REGION_LENGTH__ = DEFINED (__SIGNATURE_REGION_LENGTH__)?__SIGNATURE_REGION_LENGTH__:0x400
                0x0000000000000400                __USER_SIGNATURE_REGION_LENGTH__ = DEFINED (__USER_SIGNATURE_REGION_LENGTH__)?__USER_SIGNATURE_REGION_LENGTH__:0x400

.hash
 *(.hash)

.dynsym
 *(.dynsym)

.dynstr
 *(.dynstr)

.gnu.version
 *(.gnu.version)

.gnu.version_d
 *(.gnu.version_d)

.gnu.version_r
 *(.gnu.version_r)

.rel.init
 *(.rel.init)

.rela.init
 *(.rela.init)

.rel.text
 *(.rel.text)
 *(.rel.text.*)
 *(.rel.gnu.linkonce.t*)

.rela.text
 *(.rela.text)
 *(.rela.text.*)
 *(.rela.gnu.linkonce.t*)

.rel.fini
 *(.rel.fini)

.rela.fini
 *(.rela.fini)

.rel.rodata
 *(.rel.rodata)
 *(.rel.rodata.*)
 *(.rel.gnu.linkonce.r*)

.rela.rodata
 *(.rela.rodata)
 *(.rela.rodata.*)
 *(.rela.gnu.linkonce.r*)

.rel.data
 *(.rel.data)
 *(.rel.data.*)
 *(.rel.gnu.linkonce.d*)

.rela.data
 *(.rela.data)
 *(.rela.data.*)
 *(.rela.gnu.linkonce.d*)

.rel.ctors
 *(.rel.ctors)

.rela.ctors
 *(.rela.ctors)

.rel.dtors
 *(.rel.dtors)

.rela.dtors
 *(.rela.dtors)

.rel.got
 *(.rel.got)

.rela.got
 *(.rela.got)

.rel.bss
 *(.rel.bss)

.rela.bss
 *(.rela.bss)

.rel.plt
 *(.rel.plt)

.rela.plt
 *(.rela.plt)

.text           0x0000000000000000     0x11aa
 *(.vectors)
 .vectors       0x0000000000000000       0x54 /usr/local/Cellar/avr-gcc@9/9.3.0_2/lib/avr-gcc/9/gcc/avr/9.3.0/../../../../../../avr/lib/avr5/crtatmega32.o
                0x0000000000000000                __vectors
                0x0000000000000000                __vector_default
 *(.vectors)
 *(.progmem.gcc*)
                0x0000000000000054                . = ALIGN (0x2)
                0x0000000000000054                __trampolines_start = .
 *(.trampolines)
 .trampolines   0x0000000000000054        0x0 linker stubs
 *(.trampolines*)
                0x0000000000000054                __trampolines_end = .
 *libprintf_flt.a:*(.progmem.data)
 *libc.a:*(.progmem.data)
 *(.progmem.*)
                0x0000000000000054                . = ALIGN (0x2)
 *(.lowtext)
 *(.lowtext*)
                0x0000000000000054                __ctors_start = .
 *(.ctors)
                0x0000000000000054                __ctors_end = .
                0x0000000000000054                __dtors_start = .
 *(.dtors)
                0x0000000000000054                __dtors_end = .
 SORT_BY_NAME(*)(.ctors)
 SORT_BY_NAME(*)(.dtors)
 *(.init0)
 .init0         0x0000000000000054        0x0 /usr/local/Cellar/avr-gcc@9/9.3.0_2/lib/avr-gcc/9/gcc/avr/9.3.0/../../../../../../avr/lib/avr5/crtatmega32.o
                0x0000000000000054                __init
 *(.init0)
 *(.init1)
 *(.init1)
 *(.init2)
 .init2         0x0000000000000054        0xc /usr/local/Cellar/avr-gcc@9/9.3.0_2/lib/avr-gcc/9/gcc/avr/9.3.0/../../../../../../avr/lib/avr5/crtatmega32.o
 *(.init2)
 *(.init3)
 *(.init3)
 *(.init4)
 .init4         0x0000000000000060       0x16 /usr/local/Cellar/avr-gcc@9/9.3.0_2/lib/avr-gcc/9/gcc/avr/9.3.0/avr5/libgcc.a(_copy_data.o)
                0x0000000000000060                __do_copy_data
 *(.init4)
 *(.init5)
 *(.init5)
 *(.init6)
 *(.init6)
 *(.init7)
 *(.init7)
 *(.init8)
 *(.init8)
 *(.init9)
 .init9         0x0000000000000076        0x8 /usr/local/Cellar/avr-gcc@9/9.3.0_2/lib/avr-gcc/9/gcc/avr/9.3.0/../../../../../../avr/lib/avr5/crtatmega32.o
 *(.init9)
 *(.text)
 .text          0x000000000000007e        0x4 /usr/local/Cellar/avr-gcc@9/9.3.0_2/lib/avr-gcc/9/gcc/avr/9.3.0/../../../../../../avr/lib/avr5/crtatmega32.o
                0x000000000000007e                __vector_20
                0x000000000000007e                __vector_12
                0x000000000000007e                __bad_interrupt
                0x000000000000007e                __vector_6
                0x000000000000007e                __vector_3
                0x000000000000007e                __vector_11
                0x000000000000007e                __vector_13
                0x000000000000007e                __vector_17
                0x000000000000007e                __vector_19
                0x000000000000007e                __vector_7
                0x000000000000007e                __vector_5
                0x000000000000007e                __vector_4
                0x000000000000007e                __vector_9
                0x000000000000007e                __vector_2
                0x000000000000007e                __vector_15
                0x000000000000007e                __vector_8
                0x000000000000007e                __vector_14
                0x000000000000007e                __vector_10
                0x000000000000007e                __vector_16
                0x000000000000007e                __vector_18
                0x000000000000007e                __vector_1
 .text          0x0000000000000082        0x0 ./HD44780.o
 .text          0x0000000000000082        0x0 ./main.o
 .text          0x0000000000000082        0x0 /usr/local/Cellar/avr-gcc@9/9.3.0_2/lib/avr-gcc/9/gcc/avr/9.3.0/avr5/libgcc.a(_divmodhi4.o)
 .text          0x0000000000000082        0x0 /usr/local/Cellar/avr-gcc@9/9.3.0_2/lib/avr-gcc/9/gcc/avr/9.3.0/avr5/libgcc.a(_exit.o)
 .text          0x0000000000000082        0x0 /usr/local/Cellar/avr-gcc@9/9.3.0_2/lib/avr-gcc/9/gcc/avr/9.3.0/avr5/libgcc.a(_copy_data.o)
 .text          0x0000000000000082        0x0 /usr/local/Cellar/avr-gcc@9/9.3.0_2/lib/avr-gcc/9/gcc/avr/9.3.0/avr5/libgcc.a(_udivmodhi4.o)
 .text          0x0000000000000082        0x0 /usr/local/Cellar/avr-gcc@9/9.3.0_2/lib/avr-gcc/9/gcc/avr/9.3.0/../../../../../../avr/lib/avr5/libm.a(divsf3.o)
 .text          0x0000000000000082        0x0 /usr/local/Cellar/avr-gcc@9/9.3.0_2/lib/avr-gcc/9/gcc/avr/9.3.0/../../../../../../avr/lib/avr5/libm.a(divsf3x.o)
 .text          0x0000000000000082        0x0 /usr/local/Cellar/avr-gcc@9/9.3.0_2/lib/avr-gcc/9/gcc/avr/9.3.0/../../../../../../avr/lib/avr5/libm.a(fixsfsi.o)
 .text          0x0000000000000082        0x0 /usr/local/Cellar/avr-gcc@9/9.3.0_2/lib/avr-gcc/9/gcc/avr/9.3.0/../../../../../../avr/lib/avr5/libm.a(fixunssfsi.o)
 .text          0x0000000000000082        0x0 /usr/local/Cellar/avr-gcc@9/9.3.0_2/lib/avr-gcc/9/gcc/avr/9.3.0/../../../../../../avr/lib/avr5/libm.a(floatsisf.o)
 .text          0x0000000000000082        0x0 /usr/local/Cellar/avr-gcc@9/9.3.0_2/lib/avr-gcc/9/gcc/avr/9.3.0/../../../../../../avr/lib/avr5/libm.a(fp_inf.o)
 .text          0x0000000000000082        0x0 /usr/local/Cellar/avr-gcc@9/9.3.0_2/lib/avr-gcc/9/gcc/avr/9.3.0/../../../../../../avr/lib/avr5/libm.a(fp_nan.o)
 .text          0x0000000000000082        0x0 /usr/local/Cellar/avr-gcc@9/9.3.0_2/lib/avr-gcc/9/gcc/avr/9.3.0/../../../../../../avr/lib/avr5/libm.a(fp_pscA.o)
 .text          0x0000000000000082        0x0 /usr/local/Cellar/avr-gcc@9/9.3.0_2/lib/avr-gcc/9/gcc/avr/9.3.0/../../../../../../avr/lib/avr5/libm.a(fp_pscB.o)
 .text          0x0000000000000082        0x0 /usr/local/Cellar/avr-gcc@9/9.3.0_2/lib/avr-gcc/9/gcc/avr/9.3.0/../../../../../../avr/lib/avr5/libm.a(fp_round.o)
 .text          0x0000000000000082        0x0 /usr/local/Cellar/avr-gcc@9/9.3.0_2/lib/avr-gcc/9/gcc/avr/9.3.0/../../../../../../avr/lib/avr5/libm.a(fp_split3.o)
 .text          0x0000000000000082        0x0 /usr/local/Cellar/avr-gcc@9/9.3.0_2/lib/avr-gcc/9/gcc/avr/9.3.0/../../../../../../avr/lib/avr5/libm.a(fp_zero.o)
 .text          0x0000000000000082        0x0 /usr/local/Cellar/avr-gcc@9/9.3.0_2/lib/avr-gcc/9/gcc/avr/9.3.0/../../../../../../avr/lib/avr5/libm.a(mulsf3.o)
 .text          0x0000000000000082        0x0 /usr/local/Cellar/avr-gcc@9/9.3.0_2/lib/avr-gcc/9/gcc/avr/9.3.0/../../../../../../avr/lib/avr5/libm.a(mulsf3x.o)
 .text          0x0000000000000082        0x0 /usr/local/Cellar/avr-gcc@9/9.3.0_2/lib/avr-gcc/9/gcc/avr/9.3.0/../../../../../../avr/lib/avr5/libc.a(strcat.o)
 .text          0x0000000000000082        0x0 /usr/local/Cellar/avr-gcc@9/9.3.0_2/lib/avr-gcc/9/gcc/avr/9.3.0/../../../../../../avr/lib/avr5/libc.a(strcpy.o)
 .text          0x0000000000000082        0x0 /usr/local/Cellar/avr-gcc@9/9.3.0_2/lib/avr-gcc/9/gcc/avr/9.3.0/../../../../../../avr/lib/avr5/libc.a(sprintf.o)
 .text          0x0000000000000082        0x0 /usr/local/Cellar/avr-gcc@9/9.3.0_2/lib/avr-gcc/9/gcc/avr/9.3.0/../../../../../../avr/lib/avr5/libc.a(vfprintf_std.o)
 .text          0x0000000000000082        0x0 /usr/local/Cellar/avr-gcc@9/9.3.0_2/lib/avr-gcc/9/gcc/avr/9.3.0/../../../../../../avr/lib/avr5/libc.a(strnlen_P.o)
 .text          0x0000000000000082        0x0 /usr/local/Cellar/avr-gcc@9/9.3.0_2/lib/avr-gcc/9/gcc/avr/9.3.0/../../../../../../avr/lib/avr5/libc.a(strnlen.o)
 .text          0x0000000000000082        0x0 /usr/local/Cellar/avr-gcc@9/9.3.0_2/lib/avr-gcc/9/gcc/avr/9.3.0/../../../../../../avr/lib/avr5/libc.a(fputc.o)
 .text          0x0000000000000082        0x0 /usr/local/Cellar/avr-gcc@9/9.3.0_2/lib/avr-gcc/9/gcc/avr/9.3.0/../../../../../../avr/lib/avr5/libc.a(ultoa_invert.o)
 .text          0x0000000000000082        0x0 /usr/local/Cellar/avr-gcc@9/9.3.0_2/lib/avr-gcc/9/gcc/avr/9.3.0/avr5/libgcc.a(_prologue.o)
 .text          0x0000000000000082        0x0 /usr/local/Cellar/avr-gcc@9/9.3.0_2/lib/avr-gcc/9/gcc/avr/9.3.0/avr5/libgcc.a(_epilogue.o)
                0x0000000000000082                . = ALIGN (0x2)
 *(.text.*)
 .text._LCD_OutNibble
                0x0000000000000082       0x2a ./HD44780.o
                0x0000000000000082                _LCD_OutNibble
 .text._LCD_Write
                0x00000000000000ac       0x26 ./HD44780.o
                0x00000000000000ac                _LCD_Write
 .text.LCD_WriteCommand
                0x00000000000000d2        0x6 ./HD44780.o
                0x00000000000000d2                LCD_WriteCommand
 .text.LCD_WriteData
                0x00000000000000d8        0x6 ./HD44780.o
                0x00000000000000d8                LCD_WriteData
 .text.LCD_WriteText
                0x00000000000000de       0x18 ./HD44780.o
                0x00000000000000de                LCD_WriteText
 .text.LCD_GoTo
                0x00000000000000f6       0x10 ./HD44780.o
                0x00000000000000f6                LCD_GoTo
 .text.LCD_Clear
                0x0000000000000106       0x14 ./HD44780.o
                0x0000000000000106                LCD_Clear
 .text.LCD_Home
                0x000000000000011a       0x14 ./HD44780.o
                0x000000000000011a                LCD_Home
 .text.LCD_Initalize
                0x000000000000012e       0x7c ./HD44780.o
                0x000000000000012e                LCD_Initalize
 .text.ADC_init
                0x00000000000001aa       0x16 ./main.o
                0x00000000000001aa                ADC_init
 .text.uint16_tADC_10bit
                0x00000000000001c0        0xc ./main.o
                0x00000000000001c0                uint16_tADC_10bit
 .text.ADC_measure
                0x00000000000001cc       0xa0 ./main.o
                0x00000000000001cc                ADC_measure
 .text.set_b_number
                0x000000000000026c       0x68 ./main.o
                0x000000000000026c                set_b_number
 .text.choosen  0x00000000000002d4       0x52 ./main.o
                0x00000000000002d4                choosen
 .text.info     0x0000000000000326       0x9c ./main.o
                0x0000000000000326                info
 .text.czy_liczba_pierwsza
                0x00000000000003c2       0x32 ./main.o
                0x00000000000003c2                czy_liczba_pierwsza
 .text.liczby   0x00000000000003f4      0x11a ./main.o
                0x00000000000003f4                liczby
 .text.stoper   0x000000000000050e        0x6 ./main.o
                0x000000000000050e                stoper
 .text.zegar    0x0000000000000514        0x4 ./main.o
                0x0000000000000514                zegar
 .text.miernik  0x0000000000000518       0xce ./main.o
                0x0000000000000518                miernik
 .text.menu     0x00000000000005e6      0x1f6 ./main.o
                0x00000000000005e6                menu
 .text.to_do    0x00000000000007dc       0x2c ./main.o
                0x00000000000007dc                to_do
 .text.startup.main
                0x0000000000000808       0x38 ./main.o
                0x0000000000000808                main
 .text.libgcc.mul
                0x0000000000000840        0x0 /usr/local/Cellar/avr-gcc@9/9.3.0_2/lib/avr-gcc/9/gcc/avr/9.3.0/avr5/libgcc.a(_divmodhi4.o)
 .text.libgcc.div
                0x0000000000000840       0x28 /usr/local/Cellar/avr-gcc@9/9.3.0_2/lib/avr-gcc/9/gcc/avr/9.3.0/avr5/libgcc.a(_divmodhi4.o)
                0x0000000000000840                __divmodhi4
                0x0000000000000840                _div
 .text.libgcc   0x0000000000000868        0x0 /usr/local/Cellar/avr-gcc@9/9.3.0_2/lib/avr-gcc/9/gcc/avr/9.3.0/avr5/libgcc.a(_divmodhi4.o)
 .text.libgcc.prologue
                0x0000000000000868        0x0 /usr/local/Cellar/avr-gcc@9/9.3.0_2/lib/avr-gcc/9/gcc/avr/9.3.0/avr5/libgcc.a(_divmodhi4.o)
 .text.libgcc.builtins
                0x0000000000000868        0x0 /usr/local/Cellar/avr-gcc@9/9.3.0_2/lib/avr-gcc/9/gcc/avr/9.3.0/avr5/libgcc.a(_divmodhi4.o)
 .text.libgcc.fmul
                0x0000000000000868        0x0 /usr/local/Cellar/avr-gcc@9/9.3.0_2/lib/avr-gcc/9/gcc/avr/9.3.0/avr5/libgcc.a(_divmodhi4.o)
 .text.libgcc.fixed
                0x0000000000000868        0x0 /usr/local/Cellar/avr-gcc@9/9.3.0_2/lib/avr-gcc/9/gcc/avr/9.3.0/avr5/libgcc.a(_divmodhi4.o)
 .text.libgcc.mul
                0x0000000000000868        0x0 /usr/local/Cellar/avr-gcc@9/9.3.0_2/lib/avr-gcc/9/gcc/avr/9.3.0/avr5/libgcc.a(_exit.o)
 .text.libgcc.div
                0x0000000000000868        0x0 /usr/local/Cellar/avr-gcc@9/9.3.0_2/lib/avr-gcc/9/gcc/avr/9.3.0/avr5/libgcc.a(_exit.o)
 .text.libgcc   0x0000000000000868        0x0 /usr/local/Cellar/avr-gcc@9/9.3.0_2/lib/avr-gcc/9/gcc/avr/9.3.0/avr5/libgcc.a(_exit.o)
 .text.libgcc.prologue
                0x0000000000000868        0x0 /usr/local/Cellar/avr-gcc@9/9.3.0_2/lib/avr-gcc/9/gcc/avr/9.3.0/avr5/libgcc.a(_exit.o)
 .text.libgcc.builtins
                0x0000000000000868        0x0 /usr/local/Cellar/avr-gcc@9/9.3.0_2/lib/avr-gcc/9/gcc/avr/9.3.0/avr5/libgcc.a(_exit.o)
 .text.libgcc.fmul
                0x0000000000000868        0x0 /usr/local/Cellar/avr-gcc@9/9.3.0_2/lib/avr-gcc/9/gcc/avr/9.3.0/avr5/libgcc.a(_exit.o)
 .text.libgcc.fixed
                0x0000000000000868        0x0 /usr/local/Cellar/avr-gcc@9/9.3.0_2/lib/avr-gcc/9/gcc/avr/9.3.0/avr5/libgcc.a(_exit.o)
 .text.libgcc.mul
                0x0000000000000868        0x0 /usr/local/Cellar/avr-gcc@9/9.3.0_2/lib/avr-gcc/9/gcc/avr/9.3.0/avr5/libgcc.a(_copy_data.o)
 .text.libgcc.div
                0x0000000000000868        0x0 /usr/local/Cellar/avr-gcc@9/9.3.0_2/lib/avr-gcc/9/gcc/avr/9.3.0/avr5/libgcc.a(_copy_data.o)
 .text.libgcc   0x0000000000000868        0x0 /usr/local/Cellar/avr-gcc@9/9.3.0_2/lib/avr-gcc/9/gcc/avr/9.3.0/avr5/libgcc.a(_copy_data.o)
 .text.libgcc.prologue
                0x0000000000000868        0x0 /usr/local/Cellar/avr-gcc@9/9.3.0_2/lib/avr-gcc/9/gcc/avr/9.3.0/avr5/libgcc.a(_copy_data.o)
 .text.libgcc.builtins
                0x0000000000000868        0x0 /usr/local/Cellar/avr-gcc@9/9.3.0_2/lib/avr-gcc/9/gcc/avr/9.3.0/avr5/libgcc.a(_copy_data.o)
 .text.libgcc.fmul
                0x0000000000000868        0x0 /usr/local/Cellar/avr-gcc@9/9.3.0_2/lib/avr-gcc/9/gcc/avr/9.3.0/avr5/libgcc.a(_copy_data.o)
 .text.libgcc.fixed
                0x0000000000000868        0x0 /usr/local/Cellar/avr-gcc@9/9.3.0_2/lib/avr-gcc/9/gcc/avr/9.3.0/avr5/libgcc.a(_copy_data.o)
 .text.libgcc.mul
                0x0000000000000868        0x0 /usr/local/Cellar/avr-gcc@9/9.3.0_2/lib/avr-gcc/9/gcc/avr/9.3.0/avr5/libgcc.a(_udivmodhi4.o)
 .text.libgcc.div
                0x0000000000000868       0x28 /usr/local/Cellar/avr-gcc@9/9.3.0_2/lib/avr-gcc/9/gcc/avr/9.3.0/avr5/libgcc.a(_udivmodhi4.o)
                0x0000000000000868                __udivmodhi4
 .text.libgcc   0x0000000000000890        0x0 /usr/local/Cellar/avr-gcc@9/9.3.0_2/lib/avr-gcc/9/gcc/avr/9.3.0/avr5/libgcc.a(_udivmodhi4.o)
 .text.libgcc.prologue
                0x0000000000000890        0x0 /usr/local/Cellar/avr-gcc@9/9.3.0_2/lib/avr-gcc/9/gcc/avr/9.3.0/avr5/libgcc.a(_udivmodhi4.o)
 .text.libgcc.builtins
                0x0000000000000890        0x0 /usr/local/Cellar/avr-gcc@9/9.3.0_2/lib/avr-gcc/9/gcc/avr/9.3.0/avr5/libgcc.a(_udivmodhi4.o)
 .text.libgcc.fmul
                0x0000000000000890        0x0 /usr/local/Cellar/avr-gcc@9/9.3.0_2/lib/avr-gcc/9/gcc/avr/9.3.0/avr5/libgcc.a(_udivmodhi4.o)
 .text.libgcc.fixed
                0x0000000000000890        0x0 /usr/local/Cellar/avr-gcc@9/9.3.0_2/lib/avr-gcc/9/gcc/avr/9.3.0/avr5/libgcc.a(_udivmodhi4.o)
 .text.avr-libc.fplib
                0x0000000000000890        0x8 /usr/local/Cellar/avr-gcc@9/9.3.0_2/lib/avr-gcc/9/gcc/avr/9.3.0/../../../../../../avr/lib/avr5/libm.a(divsf3.o)
                0x0000000000000890                __divsf3
 .text.avr-libc.fplib
                0x0000000000000898       0xdc /usr/local/Cellar/avr-gcc@9/9.3.0_2/lib/avr-gcc/9/gcc/avr/9.3.0/../../../../../../avr/lib/avr5/libm.a(divsf3x.o)
                0x00000000000008b8                __divsf3x
                0x00000000000008be                __divsf3_pse
 .text.avr-libc.fplib
                0x0000000000000974        0xe /usr/local/Cellar/avr-gcc@9/9.3.0_2/lib/avr-gcc/9/gcc/avr/9.3.0/../../../../../../avr/lib/avr5/libm.a(fixsfsi.o)
                0x0000000000000974                __fixsfsi
 .text.avr-libc.fplib
                0x0000000000000982       0x5e /usr/local/Cellar/avr-gcc@9/9.3.0_2/lib/avr-gcc/9/gcc/avr/9.3.0/../../../../../../avr/lib/avr5/libm.a(fixunssfsi.o)
                0x0000000000000982                __fixunssfsi
 .text.avr-libc.fplib
                0x00000000000009e0       0x7a /usr/local/Cellar/avr-gcc@9/9.3.0_2/lib/avr-gcc/9/gcc/avr/9.3.0/../../../../../../avr/lib/avr5/libm.a(floatsisf.o)
                0x00000000000009e0                __floatunsisf
                0x00000000000009e4                __floatsisf
 .text.avr-libc.fplib
                0x0000000000000a5a        0xc /usr/local/Cellar/avr-gcc@9/9.3.0_2/lib/avr-gcc/9/gcc/avr/9.3.0/../../../../../../avr/lib/avr5/libm.a(fp_inf.o)
                0x0000000000000a5a                __fp_inf
 .text.avr-libc.fplib
                0x0000000000000a66        0x6 /usr/local/Cellar/avr-gcc@9/9.3.0_2/lib/avr-gcc/9/gcc/avr/9.3.0/../../../../../../avr/lib/avr5/libm.a(fp_nan.o)
                0x0000000000000a66                __fp_nan
 .text.avr-libc.fplib
                0x0000000000000a6c        0xe /usr/local/Cellar/avr-gcc@9/9.3.0_2/lib/avr-gcc/9/gcc/avr/9.3.0/../../../../../../avr/lib/avr5/libm.a(fp_pscA.o)
                0x0000000000000a6c                __fp_pscA
 .text.avr-libc.fplib
                0x0000000000000a7a        0xe /usr/local/Cellar/avr-gcc@9/9.3.0_2/lib/avr-gcc/9/gcc/avr/9.3.0/../../../../../../avr/lib/avr5/libm.a(fp_pscB.o)
                0x0000000000000a7a                __fp_pscB
 .text.avr-libc.fplib
                0x0000000000000a88       0x22 /usr/local/Cellar/avr-gcc@9/9.3.0_2/lib/avr-gcc/9/gcc/avr/9.3.0/../../../../../../avr/lib/avr5/libm.a(fp_round.o)
                0x0000000000000a88                __fp_round
 .text.avr-libc.fplib
                0x0000000000000aaa       0x44 /usr/local/Cellar/avr-gcc@9/9.3.0_2/lib/avr-gcc/9/gcc/avr/9.3.0/../../../../../../avr/lib/avr5/libm.a(fp_split3.o)
                0x0000000000000aaa                __fp_split3
                0x0000000000000aba                __fp_splitA
 .text.avr-libc.fplib
                0x0000000000000aee        0xe /usr/local/Cellar/avr-gcc@9/9.3.0_2/lib/avr-gcc/9/gcc/avr/9.3.0/../../../../../../avr/lib/avr5/libm.a(fp_zero.o)
                0x0000000000000aee                __fp_zero
                0x0000000000000af0                __fp_szero
 .text.avr-libc.fplib
                0x0000000000000afc        0x8 /usr/local/Cellar/avr-gcc@9/9.3.0_2/lib/avr-gcc/9/gcc/avr/9.3.0/../../../../../../avr/lib/avr5/libm.a(mulsf3.o)
                0x0000000000000afc                __mulsf3
 .text.avr-libc.fplib
                0x0000000000000b04       0xd2 /usr/local/Cellar/avr-gcc@9/9.3.0_2/lib/avr-gcc/9/gcc/avr/9.3.0/../../../../../../avr/lib/avr5/libm.a(mulsf3x.o)
                0x0000000000000b22                __mulsf3x
                0x0000000000000b28                __mulsf3_pse
 .text.avr-libc
                0x0000000000000bd6       0x16 /usr/local/Cellar/avr-gcc@9/9.3.0_2/lib/avr-gcc/9/gcc/avr/9.3.0/../../../../../../avr/lib/avr5/libc.a(strcat.o)
                0x0000000000000bd6                strcat
 .text.avr-libc
                0x0000000000000bec        0xe /usr/local/Cellar/avr-gcc@9/9.3.0_2/lib/avr-gcc/9/gcc/avr/9.3.0/../../../../../../avr/lib/avr5/libc.a(strcpy.o)
                0x0000000000000bec                strcpy
 .text.avr-libc
                0x0000000000000bfa       0x46 /usr/local/Cellar/avr-gcc@9/9.3.0_2/lib/avr-gcc/9/gcc/avr/9.3.0/../../../../../../avr/lib/avr5/libc.a(sprintf.o)
                0x0000000000000bfa                sprintf
 .text.avr-libc
                0x0000000000000c40      0x3b0 /usr/local/Cellar/avr-gcc@9/9.3.0_2/lib/avr-gcc/9/gcc/avr/9.3.0/../../../../../../avr/lib/avr5/libc.a(vfprintf_std.o)
                0x0000000000000c40                vfprintf
 .text.avr-libc
                0x0000000000000ff0       0x16 /usr/local/Cellar/avr-gcc@9/9.3.0_2/lib/avr-gcc/9/gcc/avr/9.3.0/../../../../../../avr/lib/avr5/libc.a(strnlen_P.o)
                0x0000000000000ff0                strnlen_P
 .text.avr-libc
                0x0000000000001006       0x16 /usr/local/Cellar/avr-gcc@9/9.3.0_2/lib/avr-gcc/9/gcc/avr/9.3.0/../../../../../../avr/lib/avr5/libc.a(strnlen.o)
                0x0000000000001006                strnlen
 .text.avr-libc
                0x000000000000101c       0x60 /usr/local/Cellar/avr-gcc@9/9.3.0_2/lib/avr-gcc/9/gcc/avr/9.3.0/../../../../../../avr/lib/avr5/libc.a(fputc.o)
                0x000000000000101c                fputc
 .text.avr-libc
                0x000000000000107c       0xbc /usr/local/Cellar/avr-gcc@9/9.3.0_2/lib/avr-gcc/9/gcc/avr/9.3.0/../../../../../../avr/lib/avr5/libc.a(ultoa_invert.o)
                0x000000000000107c                __ultoa_invert
 .text.libgcc.mul
                0x0000000000001138        0x0 /usr/local/Cellar/avr-gcc@9/9.3.0_2/lib/avr-gcc/9/gcc/avr/9.3.0/avr5/libgcc.a(_prologue.o)
 .text.libgcc.div
                0x0000000000001138        0x0 /usr/local/Cellar/avr-gcc@9/9.3.0_2/lib/avr-gcc/9/gcc/avr/9.3.0/avr5/libgcc.a(_prologue.o)
 .text.libgcc   0x0000000000001138        0x0 /usr/local/Cellar/avr-gcc@9/9.3.0_2/lib/avr-gcc/9/gcc/avr/9.3.0/avr5/libgcc.a(_prologue.o)
 .text.libgcc.prologue
                0x0000000000001138       0x38 /usr/local/Cellar/avr-gcc@9/9.3.0_2/lib/avr-gcc/9/gcc/avr/9.3.0/avr5/libgcc.a(_prologue.o)
                0x0000000000001138                __prologue_saves__
 .text.libgcc.builtins
                0x0000000000001170        0x0 /usr/local/Cellar/avr-gcc@9/9.3.0_2/lib/avr-gcc/9/gcc/avr/9.3.0/avr5/libgcc.a(_prologue.o)
 .text.libgcc.fmul
                0x0000000000001170        0x0 /usr/local/Cellar/avr-gcc@9/9.3.0_2/lib/avr-gcc/9/gcc/avr/9.3.0/avr5/libgcc.a(_prologue.o)
 .text.libgcc.fixed
                0x0000000000001170        0x0 /usr/local/Cellar/avr-gcc@9/9.3.0_2/lib/avr-gcc/9/gcc/avr/9.3.0/avr5/libgcc.a(_prologue.o)
 .text.libgcc.mul
                0x0000000000001170        0x0 /usr/local/Cellar/avr-gcc@9/9.3.0_2/lib/avr-gcc/9/gcc/avr/9.3.0/avr5/libgcc.a(_epilogue.o)
 .text.libgcc.div
                0x0000000000001170        0x0 /usr/local/Cellar/avr-gcc@9/9.3.0_2/lib/avr-gcc/9/gcc/avr/9.3.0/avr5/libgcc.a(_epilogue.o)
 .text.libgcc   0x0000000000001170        0x0 /usr/local/Cellar/avr-gcc@9/9.3.0_2/lib/avr-gcc/9/gcc/avr/9.3.0/avr5/libgcc.a(_epilogue.o)
 .text.libgcc.prologue
                0x0000000000001170       0x36 /usr/local/Cellar/avr-gcc@9/9.3.0_2/lib/avr-gcc/9/gcc/avr/9.3.0/avr5/libgcc.a(_epilogue.o)
                0x0000000000001170                __epilogue_restores__
 .text.libgcc.builtins
                0x00000000000011a6        0x0 /usr/local/Cellar/avr-gcc@9/9.3.0_2/lib/avr-gcc/9/gcc/avr/9.3.0/avr5/libgcc.a(_epilogue.o)
 .text.libgcc.fmul
                0x00000000000011a6        0x0 /usr/local/Cellar/avr-gcc@9/9.3.0_2/lib/avr-gcc/9/gcc/avr/9.3.0/avr5/libgcc.a(_epilogue.o)
 .text.libgcc.fixed
                0x00000000000011a6        0x0 /usr/local/Cellar/avr-gcc@9/9.3.0_2/lib/avr-gcc/9/gcc/avr/9.3.0/avr5/libgcc.a(_epilogue.o)
                0x00000000000011a6                . = ALIGN (0x2)
 *(.fini9)
 .fini9         0x00000000000011a6        0x0 /usr/local/Cellar/avr-gcc@9/9.3.0_2/lib/avr-gcc/9/gcc/avr/9.3.0/avr5/libgcc.a(_exit.o)
                0x00000000000011a6                exit
                0x00000000000011a6                _exit
 *(.fini9)
 *(.fini8)
 *(.fini8)
 *(.fini7)
 *(.fini7)
 *(.fini6)
 *(.fini6)
 *(.fini5)
 *(.fini5)
 *(.fini4)
 *(.fini4)
 *(.fini3)
 *(.fini3)
 *(.fini2)
 *(.fini2)
 *(.fini1)
 *(.fini1)
 *(.fini0)
 .fini0         0x00000000000011a6        0x4 /usr/local/Cellar/avr-gcc@9/9.3.0_2/lib/avr-gcc/9/gcc/avr/9.3.0/avr5/libgcc.a(_exit.o)
 *(.fini0)
 *(.hightext)
 *(.hightext*)
 *(.progmemx.*)
                0x00000000000011aa                . = ALIGN (0x2)
 *(.jumptables)
 *(.jumptables*)
                0x00000000000011aa                _etext = .

.data           0x0000000000800060       0xbe load address 0x00000000000011aa
                0x0000000000800060                PROVIDE (__data_start = .)
 *(.data)
 .data          0x0000000000800060        0x0 /usr/local/Cellar/avr-gcc@9/9.3.0_2/lib/avr-gcc/9/gcc/avr/9.3.0/../../../../../../avr/lib/avr5/crtatmega32.o
 .data          0x0000000000800060        0x0 ./HD44780.o
 .data          0x0000000000800060        0x0 ./main.o
 .data          0x0000000000800060        0x0 /usr/local/Cellar/avr-gcc@9/9.3.0_2/lib/avr-gcc/9/gcc/avr/9.3.0/avr5/libgcc.a(_divmodhi4.o)
 .data          0x0000000000800060        0x0 /usr/local/Cellar/avr-gcc@9/9.3.0_2/lib/avr-gcc/9/gcc/avr/9.3.0/avr5/libgcc.a(_exit.o)
 .data          0x0000000000800060        0x0 /usr/local/Cellar/avr-gcc@9/9.3.0_2/lib/avr-gcc/9/gcc/avr/9.3.0/avr5/libgcc.a(_copy_data.o)
 .data          0x0000000000800060        0x0 /usr/local/Cellar/avr-gcc@9/9.3.0_2/lib/avr-gcc/9/gcc/avr/9.3.0/avr5/libgcc.a(_udivmodhi4.o)
 .data          0x0000000000800060        0x0 /usr/local/Cellar/avr-gcc@9/9.3.0_2/lib/avr-gcc/9/gcc/avr/9.3.0/../../../../../../avr/lib/avr5/libm.a(divsf3.o)
 .data          0x0000000000800060        0x0 /usr/local/Cellar/avr-gcc@9/9.3.0_2/lib/avr-gcc/9/gcc/avr/9.3.0/../../../../../../avr/lib/avr5/libm.a(divsf3x.o)
 .data          0x0000000000800060        0x0 /usr/local/Cellar/avr-gcc@9/9.3.0_2/lib/avr-gcc/9/gcc/avr/9.3.0/../../../../../../avr/lib/avr5/libm.a(fixsfsi.o)
 .data          0x0000000000800060        0x0 /usr/local/Cellar/avr-gcc@9/9.3.0_2/lib/avr-gcc/9/gcc/avr/9.3.0/../../../../../../avr/lib/avr5/libm.a(fixunssfsi.o)
 .data          0x0000000000800060        0x0 /usr/local/Cellar/avr-gcc@9/9.3.0_2/lib/avr-gcc/9/gcc/avr/9.3.0/../../../../../../avr/lib/avr5/libm.a(floatsisf.o)
 .data          0x0000000000800060        0x0 /usr/local/Cellar/avr-gcc@9/9.3.0_2/lib/avr-gcc/9/gcc/avr/9.3.0/../../../../../../avr/lib/avr5/libm.a(fp_inf.o)
 .data          0x0000000000800060        0x0 /usr/local/Cellar/avr-gcc@9/9.3.0_2/lib/avr-gcc/9/gcc/avr/9.3.0/../../../../../../avr/lib/avr5/libm.a(fp_nan.o)
 .data          0x0000000000800060        0x0 /usr/local/Cellar/avr-gcc@9/9.3.0_2/lib/avr-gcc/9/gcc/avr/9.3.0/../../../../../../avr/lib/avr5/libm.a(fp_pscA.o)
 .data          0x0000000000800060        0x0 /usr/local/Cellar/avr-gcc@9/9.3.0_2/lib/avr-gcc/9/gcc/avr/9.3.0/../../../../../../avr/lib/avr5/libm.a(fp_pscB.o)
 .data          0x0000000000800060        0x0 /usr/local/Cellar/avr-gcc@9/9.3.0_2/lib/avr-gcc/9/gcc/avr/9.3.0/../../../../../../avr/lib/avr5/libm.a(fp_round.o)
 .data          0x0000000000800060        0x0 /usr/local/Cellar/avr-gcc@9/9.3.0_2/lib/avr-gcc/9/gcc/avr/9.3.0/../../../../../../avr/lib/avr5/libm.a(fp_split3.o)
 .data          0x0000000000800060        0x0 /usr/local/Cellar/avr-gcc@9/9.3.0_2/lib/avr-gcc/9/gcc/avr/9.3.0/../../../../../../avr/lib/avr5/libm.a(fp_zero.o)
 .data          0x0000000000800060        0x0 /usr/local/Cellar/avr-gcc@9/9.3.0_2/lib/avr-gcc/9/gcc/avr/9.3.0/../../../../../../avr/lib/avr5/libm.a(mulsf3.o)
 .data          0x0000000000800060        0x0 /usr/local/Cellar/avr-gcc@9/9.3.0_2/lib/avr-gcc/9/gcc/avr/9.3.0/../../../../../../avr/lib/avr5/libm.a(mulsf3x.o)
 .data          0x0000000000800060        0x0 /usr/local/Cellar/avr-gcc@9/9.3.0_2/lib/avr-gcc/9/gcc/avr/9.3.0/../../../../../../avr/lib/avr5/libc.a(strcat.o)
 .data          0x0000000000800060        0x0 /usr/local/Cellar/avr-gcc@9/9.3.0_2/lib/avr-gcc/9/gcc/avr/9.3.0/../../../../../../avr/lib/avr5/libc.a(strcpy.o)
 .data          0x0000000000800060        0x0 /usr/local/Cellar/avr-gcc@9/9.3.0_2/lib/avr-gcc/9/gcc/avr/9.3.0/../../../../../../avr/lib/avr5/libc.a(sprintf.o)
 .data          0x0000000000800060        0x0 /usr/local/Cellar/avr-gcc@9/9.3.0_2/lib/avr-gcc/9/gcc/avr/9.3.0/../../../../../../avr/lib/avr5/libc.a(vfprintf_std.o)
 .data          0x0000000000800060        0x0 /usr/local/Cellar/avr-gcc@9/9.3.0_2/lib/avr-gcc/9/gcc/avr/9.3.0/../../../../../../avr/lib/avr5/libc.a(strnlen_P.o)
 .data          0x0000000000800060        0x0 /usr/local/Cellar/avr-gcc@9/9.3.0_2/lib/avr-gcc/9/gcc/avr/9.3.0/../../../../../../avr/lib/avr5/libc.a(strnlen.o)
 .data          0x0000000000800060        0x0 /usr/local/Cellar/avr-gcc@9/9.3.0_2/lib/avr-gcc/9/gcc/avr/9.3.0/../../../../../../avr/lib/avr5/libc.a(fputc.o)
 .data          0x0000000000800060        0x0 /usr/local/Cellar/avr-gcc@9/9.3.0_2/lib/avr-gcc/9/gcc/avr/9.3.0/../../../../../../avr/lib/avr5/libc.a(ultoa_invert.o)
 .data          0x0000000000800060        0x0 /usr/local/Cellar/avr-gcc@9/9.3.0_2/lib/avr-gcc/9/gcc/avr/9.3.0/avr5/libgcc.a(_prologue.o)
 .data          0x0000000000800060        0x0 /usr/local/Cellar/avr-gcc@9/9.3.0_2/lib/avr-gcc/9/gcc/avr/9.3.0/avr5/libgcc.a(_epilogue.o)
 *(.data*)
 *(.gnu.linkonce.d*)
 *(.rodata)
 .rodata        0x0000000000800060       0x8c ./main.o
 *(.rodata*)
 .rodata.set_b_number.str1.1
                0x00000000008000ec       0x1f ./main.o
 .rodata.choosen.str1.1
                0x000000000080010b        0x5 ./main.o
 .rodata.liczby.str1.1
                0x0000000000800110        0x5 ./main.o
                                          0x3 (size before relaxing)
 .rodata.miernik.str1.1
                0x0000000000800110        0xd ./main.o
 *(.gnu.linkonce.r*)
                0x000000000080011e                . = ALIGN (0x2)
 *fill*         0x000000000080011d        0x1 
                0x000000000080011e                _edata = .
                0x000000000080011e                PROVIDE (__data_end = .)

.bss            0x000000000080011e        0x0
                [!provide]                        PROVIDE (__bss_start = .)
 *(.bss)
 .bss           0x000000000080011e        0x0 /usr/local/Cellar/avr-gcc@9/9.3.0_2/lib/avr-gcc/9/gcc/avr/9.3.0/../../../../../../avr/lib/avr5/crtatmega32.o
 .bss           0x000000000080011e        0x0 ./HD44780.o
 .bss           0x000000000080011e        0x0 ./main.o
 .bss           0x000000000080011e        0x0 /usr/local/Cellar/avr-gcc@9/9.3.0_2/lib/avr-gcc/9/gcc/avr/9.3.0/avr5/libgcc.a(_divmodhi4.o)
 .bss           0x000000000080011e        0x0 /usr/local/Cellar/avr-gcc@9/9.3.0_2/lib/avr-gcc/9/gcc/avr/9.3.0/avr5/libgcc.a(_exit.o)
 .bss           0x000000000080011e        0x0 /usr/local/Cellar/avr-gcc@9/9.3.0_2/lib/avr-gcc/9/gcc/avr/9.3.0/avr5/libgcc.a(_copy_data.o)
 .bss           0x000000000080011e        0x0 /usr/local/Cellar/avr-gcc@9/9.3.0_2/lib/avr-gcc/9/gcc/avr/9.3.0/avr5/libgcc.a(_udivmodhi4.o)
 .bss           0x000000000080011e        0x0 /usr/local/Cellar/avr-gcc@9/9.3.0_2/lib/avr-gcc/9/gcc/avr/9.3.0/../../../../../../avr/lib/avr5/libm.a(divsf3.o)
 .bss           0x000000000080011e        0x0 /usr/local/Cellar/avr-gcc@9/9.3.0_2/lib/avr-gcc/9/gcc/avr/9.3.0/../../../../../../avr/lib/avr5/libm.a(divsf3x.o)
 .bss           0x000000000080011e        0x0 /usr/local/Cellar/avr-gcc@9/9.3.0_2/lib/avr-gcc/9/gcc/avr/9.3.0/../../../../../../avr/lib/avr5/libm.a(fixsfsi.o)
 .bss           0x000000000080011e        0x0 /usr/local/Cellar/avr-gcc@9/9.3.0_2/lib/avr-gcc/9/gcc/avr/9.3.0/../../../../../../avr/lib/avr5/libm.a(fixunssfsi.o)
 .bss           0x000000000080011e        0x0 /usr/local/Cellar/avr-gcc@9/9.3.0_2/lib/avr-gcc/9/gcc/avr/9.3.0/../../../../../../avr/lib/avr5/libm.a(floatsisf.o)
 .bss           0x000000000080011e        0x0 /usr/local/Cellar/avr-gcc@9/9.3.0_2/lib/avr-gcc/9/gcc/avr/9.3.0/../../../../../../avr/lib/avr5/libm.a(fp_inf.o)
 .bss           0x000000000080011e        0x0 /usr/local/Cellar/avr-gcc@9/9.3.0_2/lib/avr-gcc/9/gcc/avr/9.3.0/../../../../../../avr/lib/avr5/libm.a(fp_nan.o)
 .bss           0x000000000080011e        0x0 /usr/local/Cellar/avr-gcc@9/9.3.0_2/lib/avr-gcc/9/gcc/avr/9.3.0/../../../../../../avr/lib/avr5/libm.a(fp_pscA.o)
 .bss           0x000000000080011e        0x0 /usr/local/Cellar/avr-gcc@9/9.3.0_2/lib/avr-gcc/9/gcc/avr/9.3.0/../../../../../../avr/lib/avr5/libm.a(fp_pscB.o)
 .bss           0x000000000080011e        0x0 /usr/local/Cellar/avr-gcc@9/9.3.0_2/lib/avr-gcc/9/gcc/avr/9.3.0/../../../../../../avr/lib/avr5/libm.a(fp_round.o)
 .bss           0x000000000080011e        0x0 /usr/local/Cellar/avr-gcc@9/9.3.0_2/lib/avr-gcc/9/gcc/avr/9.3.0/../../../../../../avr/lib/avr5/libm.a(fp_split3.o)
 .bss           0x000000000080011e        0x0 /usr/local/Cellar/avr-gcc@9/9.3.0_2/lib/avr-gcc/9/gcc/avr/9.3.0/../../../../../../avr/lib/avr5/libm.a(fp_zero.o)
 .bss           0x000000000080011e        0x0 /usr/local/Cellar/avr-gcc@9/9.3.0_2/lib/avr-gcc/9/gcc/avr/9.3.0/../../../../../../avr/lib/avr5/libm.a(mulsf3.o)
 .bss           0x000000000080011e        0x0 /usr/local/Cellar/avr-gcc@9/9.3.0_2/lib/avr-gcc/9/gcc/avr/9.3.0/../../../../../../avr/lib/avr5/libm.a(mulsf3x.o)
 .bss           0x000000000080011e        0x0 /usr/local/Cellar/avr-gcc@9/9.3.0_2/lib/avr-gcc/9/gcc/avr/9.3.0/../../../../../../avr/lib/avr5/libc.a(strcat.o)
 .bss           0x000000000080011e        0x0 /usr/local/Cellar/avr-gcc@9/9.3.0_2/lib/avr-gcc/9/gcc/avr/9.3.0/../../../../../../avr/lib/avr5/libc.a(strcpy.o)
 .bss           0x000000000080011e        0x0 /usr/local/Cellar/avr-gcc@9/9.3.0_2/lib/avr-gcc/9/gcc/avr/9.3.0/../../../../../../avr/lib/avr5/libc.a(sprintf.o)
 .bss           0x000000000080011e        0x0 /usr/local/Cellar/avr-gcc@9/9.3.0_2/lib/avr-gcc/9/gcc/avr/9.3.0/../../../../../../avr/lib/avr5/libc.a(vfprintf_std.o)
 .bss           0x000000000080011e        0x0 /usr/local/Cellar/avr-gcc@9/9.3.0_2/lib/avr-gcc/9/gcc/avr/9.3.0/../../../../../../avr/lib/avr5/libc.a(strnlen_P.o)
 .bss           0x000000000080011e        0x0 /usr/local/Cellar/avr-gcc@9/9.3.0_2/lib/avr-gcc/9/gcc/avr/9.3.0/../../../../../../avr/lib/avr5/libc.a(strnlen.o)
 .bss           0x000000000080011e        0x0 /usr/local/Cellar/avr-gcc@9/9.3.0_2/lib/avr-gcc/9/gcc/avr/9.3.0/../../../../../../avr/lib/avr5/libc.a(fputc.o)
 .bss           0x000000000080011e        0x0 /usr/local/Cellar/avr-gcc@9/9.3.0_2/lib/avr-gcc/9/gcc/avr/9.3.0/../../../../../../avr/lib/avr5/libc.a(ultoa_invert.o)
 .bss           0x000000000080011e        0x0 /usr/local/Cellar/avr-gcc@9/9.3.0_2/lib/avr-gcc/9/gcc/avr/9.3.0/avr5/libgcc.a(_prologue.o)
 .bss           0x000000000080011e        0x0 /usr/local/Cellar/avr-gcc@9/9.3.0_2/lib/avr-gcc/9/gcc/avr/9.3.0/avr5/libgcc.a(_epilogue.o)
 *(.bss*)
 *(COMMON)
                [!provide]                        PROVIDE (__bss_end = .)
                0x00000000000011aa                __data_load_start = LOADADDR (.data)
                0x0000000000001268                __data_load_end = (__data_load_start + SIZEOF (.data))

.noinit         0x000000000080011e        0x0
                [!provide]                        PROVIDE (__noinit_start = .)
 *(.noinit*)
                [!provide]                        PROVIDE (__noinit_end = .)
                0x000000000080011e                _end = .
                [!provide]                        PROVIDE (__heap_start = .)

.eeprom         0x0000000000810000        0x0
 *(.eeprom*)
                0x0000000000810000                __eeprom_end = .

.fuse
 *(.fuse)
 *(.lfuse)
 *(.hfuse)
 *(.efuse)

.lock
 *(.lock*)

.signature
 *(.signature*)

.stab
 *(.stab)

.stabstr
 *(.stabstr)

.stab.excl
 *(.stab.excl)

.stab.exclstr
 *(.stab.exclstr)

.stab.index
 *(.stab.index)

.stab.indexstr
 *(.stab.indexstr)

.comment        0x0000000000000000       0x26
 *(.comment)
 .comment       0x0000000000000000       0x26 ./HD44780.o
                                         0x27 (size before relaxing)
 .comment       0x0000000000000026       0x27 ./main.o
 .comment       0x0000000000000026       0x27 /usr/local/Cellar/avr-gcc@9/9.3.0_2/lib/avr-gcc/9/gcc/avr/9.3.0/../../../../../../avr/lib/avr5/libc.a(sprintf.o)
 .comment       0x0000000000000026       0x27 /usr/local/Cellar/avr-gcc@9/9.3.0_2/lib/avr-gcc/9/gcc/avr/9.3.0/../../../../../../avr/lib/avr5/libc.a(vfprintf_std.o)
 .comment       0x0000000000000026       0x27 /usr/local/Cellar/avr-gcc@9/9.3.0_2/lib/avr-gcc/9/gcc/avr/9.3.0/../../../../../../avr/lib/avr5/libc.a(fputc.o)

.note.gnu.avr.deviceinfo
                0x0000000000000000       0x3c
 .note.gnu.avr.deviceinfo
                0x0000000000000000       0x3c /usr/local/Cellar/avr-gcc@9/9.3.0_2/lib/avr-gcc/9/gcc/avr/9.3.0/../../../../../../avr/lib/avr5/crtatmega32.o

.note.gnu.build-id
 *(.note.gnu.build-id)

.debug
 *(.debug)

.line
 *(.line)

.debug_srcinfo
 *(.debug_srcinfo)

.debug_sfnames
 *(.debug_sfnames)

.debug_aranges  0x0000000000000000       0xc0
 *(.debug_aranges)
 .debug_aranges
                0x0000000000000000       0x20 /usr/local/Cellar/avr-gcc@9/9.3.0_2/lib/avr-gcc/9/gcc/avr/9.3.0/avr5/libgcc.a(_divmodhi4.o)
 .debug_aranges
                0x0000000000000020       0x20 /usr/local/Cellar/avr-gcc@9/9.3.0_2/lib/avr-gcc/9/gcc/avr/9.3.0/avr5/libgcc.a(_exit.o)
 .debug_aranges
                0x0000000000000040       0x20 /usr/local/Cellar/avr-gcc@9/9.3.0_2/lib/avr-gcc/9/gcc/avr/9.3.0/avr5/libgcc.a(_copy_data.o)
 .debug_aranges
                0x0000000000000060       0x20 /usr/local/Cellar/avr-gcc@9/9.3.0_2/lib/avr-gcc/9/gcc/avr/9.3.0/avr5/libgcc.a(_udivmodhi4.o)
 .debug_aranges
                0x0000000000000080       0x20 /usr/local/Cellar/avr-gcc@9/9.3.0_2/lib/avr-gcc/9/gcc/avr/9.3.0/avr5/libgcc.a(_prologue.o)
 .debug_aranges
                0x00000000000000a0       0x20 /usr/local/Cellar/avr-gcc@9/9.3.0_2/lib/avr-gcc/9/gcc/avr/9.3.0/avr5/libgcc.a(_epilogue.o)

.debug_pubnames
 *(.debug_pubnames)

.debug_info     0x0000000000000000      0x5ca
 *(.debug_info .gnu.linkonce.wi.*)
 .debug_info    0x0000000000000000      0x4e6 /usr/local/Cellar/avr-gcc@9/9.3.0_2/lib/avr-gcc/9/gcc/avr/9.3.0/../../../../../../avr/lib/avr5/crtatmega32.o
 .debug_info    0x00000000000004e6       0x26 /usr/local/Cellar/avr-gcc@9/9.3.0_2/lib/avr-gcc/9/gcc/avr/9.3.0/avr5/libgcc.a(_divmodhi4.o)
 .debug_info    0x000000000000050c       0x26 /usr/local/Cellar/avr-gcc@9/9.3.0_2/lib/avr-gcc/9/gcc/avr/9.3.0/avr5/libgcc.a(_exit.o)
 .debug_info    0x0000000000000532       0x26 /usr/local/Cellar/avr-gcc@9/9.3.0_2/lib/avr-gcc/9/gcc/avr/9.3.0/avr5/libgcc.a(_copy_data.o)
 .debug_info    0x0000000000000558       0x26 /usr/local/Cellar/avr-gcc@9/9.3.0_2/lib/avr-gcc/9/gcc/avr/9.3.0/avr5/libgcc.a(_udivmodhi4.o)
 .debug_info    0x000000000000057e       0x26 /usr/local/Cellar/avr-gcc@9/9.3.0_2/lib/avr-gcc/9/gcc/avr/9.3.0/avr5/libgcc.a(_prologue.o)
 .debug_info    0x00000000000005a4       0x26 /usr/local/Cellar/avr-gcc@9/9.3.0_2/lib/avr-gcc/9/gcc/avr/9.3.0/avr5/libgcc.a(_epilogue.o)

.debug_abbrev   0x0000000000000000      0x51b
 *(.debug_abbrev)
 .debug_abbrev  0x0000000000000000      0x4a3 /usr/local/Cellar/avr-gcc@9/9.3.0_2/lib/avr-gcc/9/gcc/avr/9.3.0/../../../../../../avr/lib/avr5/crtatmega32.o
 .debug_abbrev  0x00000000000004a3       0x14 /usr/local/Cellar/avr-gcc@9/9.3.0_2/lib/avr-gcc/9/gcc/avr/9.3.0/avr5/libgcc.a(_divmodhi4.o)
 .debug_abbrev  0x00000000000004b7       0x14 /usr/local/Cellar/avr-gcc@9/9.3.0_2/lib/avr-gcc/9/gcc/avr/9.3.0/avr5/libgcc.a(_exit.o)
 .debug_abbrev  0x00000000000004cb       0x14 /usr/local/Cellar/avr-gcc@9/9.3.0_2/lib/avr-gcc/9/gcc/avr/9.3.0/avr5/libgcc.a(_copy_data.o)
 .debug_abbrev  0x00000000000004df       0x14 /usr/local/Cellar/avr-gcc@9/9.3.0_2/lib/avr-gcc/9/gcc/avr/9.3.0/avr5/libgcc.a(_udivmodhi4.o)
 .debug_abbrev  0x00000000000004f3       0x14 /usr/local/Cellar/avr-gcc@9/9.3.0_2/lib/avr-gcc/9/gcc/avr/9.3.0/avr5/libgcc.a(_prologue.o)
 .debug_abbrev  0x0000000000000507       0x14 /usr/local/Cellar/avr-gcc@9/9.3.0_2/lib/avr-gcc/9/gcc/avr/9.3.0/avr5/libgcc.a(_epilogue.o)

.debug_line     0x0000000000000000      0x49d
 *(.debug_line .debug_line.* .debug_line_end)
 .debug_line    0x0000000000000000       0x1d /usr/local/Cellar/avr-gcc@9/9.3.0_2/lib/avr-gcc/9/gcc/avr/9.3.0/../../../../../../avr/lib/avr5/crtatmega32.o
 .debug_line    0x000000000000001d       0xc7 /usr/local/Cellar/avr-gcc@9/9.3.0_2/lib/avr-gcc/9/gcc/avr/9.3.0/avr5/libgcc.a(_divmodhi4.o)
 .debug_line    0x00000000000000e4       0x61 /usr/local/Cellar/avr-gcc@9/9.3.0_2/lib/avr-gcc/9/gcc/avr/9.3.0/avr5/libgcc.a(_exit.o)
 .debug_line    0x0000000000000145       0x97 /usr/local/Cellar/avr-gcc@9/9.3.0_2/lib/avr-gcc/9/gcc/avr/9.3.0/avr5/libgcc.a(_copy_data.o)
 .debug_line    0x00000000000001dc       0xcd /usr/local/Cellar/avr-gcc@9/9.3.0_2/lib/avr-gcc/9/gcc/avr/9.3.0/avr5/libgcc.a(_udivmodhi4.o)
 .debug_line    0x00000000000002a9       0xfd /usr/local/Cellar/avr-gcc@9/9.3.0_2/lib/avr-gcc/9/gcc/avr/9.3.0/avr5/libgcc.a(_prologue.o)
 .debug_line    0x00000000000003a6       0xf7 /usr/local/Cellar/avr-gcc@9/9.3.0_2/lib/avr-gcc/9/gcc/avr/9.3.0/avr5/libgcc.a(_epilogue.o)

.debug_frame
 *(.debug_frame)

.debug_str      0x0000000000000000      0x21a
 *(.debug_str)
 .debug_str     0x0000000000000000      0x196 /usr/local/Cellar/avr-gcc@9/9.3.0_2/lib/avr-gcc/9/gcc/avr/9.3.0/../../../../../../avr/lib/avr5/crtatmega32.o
 .debug_str     0x0000000000000196       0x84 /usr/local/Cellar/avr-gcc@9/9.3.0_2/lib/avr-gcc/9/gcc/avr/9.3.0/avr5/libgcc.a(_divmodhi4.o)
 .debug_str     0x000000000000021a       0x84 /usr/local/Cellar/avr-gcc@9/9.3.0_2/lib/avr-gcc/9/gcc/avr/9.3.0/avr5/libgcc.a(_exit.o)
 .debug_str     0x000000000000021a       0x84 /usr/local/Cellar/avr-gcc@9/9.3.0_2/lib/avr-gcc/9/gcc/avr/9.3.0/avr5/libgcc.a(_copy_data.o)
 .debug_str     0x000000000000021a       0x84 /usr/local/Cellar/avr-gcc@9/9.3.0_2/lib/avr-gcc/9/gcc/avr/9.3.0/avr5/libgcc.a(_udivmodhi4.o)
 .debug_str     0x000000000000021a       0x84 /usr/local/Cellar/avr-gcc@9/9.3.0_2/lib/avr-gcc/9/gcc/avr/9.3.0/avr5/libgcc.a(_prologue.o)
 .debug_str     0x000000000000021a       0x84 /usr/local/Cellar/avr-gcc@9/9.3.0_2/lib/avr-gcc/9/gcc/avr/9.3.0/avr5/libgcc.a(_epilogue.o)

.debug_loc
 *(.debug_loc)

.debug_macinfo
 *(.debug_macinfo)

.debug_weaknames
 *(.debug_weaknames)

.debug_funcnames
 *(.debug_funcnames)

.debug_typenames
 *(.debug_typenames)

.debug_varnames
 *(.debug_varnames)

.debug_pubtypes
 *(.debug_pubtypes)

.debug_ranges
 *(.debug_ranges)

.debug_macro
 *(.debug_macro)

.debug_addr
 *(.debug_addr)
OUTPUT(LB1.2.elf elf32-avr)
LOAD linker stubs
